// Jest Snapshot v1, https://goo.gl/fbAQLP

exports[`<Home/> matches the snapshot 1`] = `
<div>
  <div
    class="page"
  >
    <h1
      class="title"
    >
      Welcome to QFin
    </h1>
  </div>
</div>
`;
